
> law_just@1.0.0 build
> tsc -b && vite build

vite v7.1.12 building for production...
transforming...
✓ 2227 modules transformed.
✗ Build failed in 7.21s
error during build:
[vite]: Rollup failed to resolve import "react-is" from "/Volumes/TOSHIBA/Maroc-gestion-entreprendre/law_just-main/node_modules/recharts/es6/util/ReactUtils.js".
This is most likely unintended because it can break your application at runtime.
If you do want to externalize this module explicitly add it to
`build.rollupOptions.external`
    at viteLog (file:///Volumes/TOSHIBA/Maroc-gestion-entreprendre/law_just-main/node_modules/vite/dist/node/chunks/config.js:33865:57)
    at file:///Volumes/TOSHIBA/Maroc-gestion-entreprendre/law_just-main/node_modules/vite/dist/node/chunks/config.js:33899:73
    at onwarn (file:///Volumes/TOSHIBA/Maroc-gestion-entreprendre/law_just-main/node_modules/@vitejs/plugin-react/dist/index.js:76:7)
    at file:///Volumes/TOSHIBA/Maroc-gestion-entreprendre/law_just-main/node_modules/vite/dist/node/chunks/config.js:33899:28
    at onRollupLog (file:///Volumes/TOSHIBA/Maroc-gestion-entreprendre/law_just-main/node_modules/vite/dist/node/chunks/config.js:33894:63)
    at onLog (file:///Volumes/TOSHIBA/Maroc-gestion-entreprendre/law_just-main/node_modules/vite/dist/node/chunks/config.js:33697:4)
    at file:///Volumes/TOSHIBA/Maroc-gestion-entreprendre/law_just-main/node_modules/rollup/dist/es/shared/node-entry.js:20981:32
    at Object.logger [as onLog] (file:///Volumes/TOSHIBA/Maroc-gestion-entreprendre/law_just-main/node_modules/rollup/dist/es/shared/node-entry.js:22968:9)
    at ModuleLoader.handleInvalidResolvedId (file:///Volumes/TOSHIBA/Maroc-gestion-entreprendre/law_just-main/node_modules/rollup/dist/es/shared/node-entry.js:21712:26)
    at file:///Volumes/TOSHIBA/Maroc-gestion-entreprendre/law_just-main/node_modules/rollup/dist/es/shared/node-entry.js:21670:26
